(require "helix/editor.scm")
(require "helix/misc.scm")
(require-builtin helix/core/text as text.)

(provide format-buffer
         read-buffer
         write-buffer
         classify-value
         render-status-line)

(require (only-in "alpha.scm" alpha) (only-in "zeta.scm" zeta))

(provide single)
