(require "helix/editor.scm")
(require "helix/misc.scm")
(require-builtin helix/core/text as text.)

(provide classify-value
         format-buffer
         read-buffer
         render-status-line
         write-buffer)

(require (only-in "alpha.scm" alpha) (only-in "zeta.scm" zeta))

(provide single)
